******************************************************************************
                  TI ARM Linker PC v15.12.5                    
******************************************************************************
>> Linked Sun May 21 19:20:49 2017

OUTPUT FILE NAME:   <Lab2_Interrupts.out>
ENTRY POINT SYMBOL: "_c_int00"  address: 000008fd


MEMORY CONFIGURATION

         name            origin    length      used     unused   attr    fill
----------------------  --------  ---------  --------  --------  ----  --------
  FLASH                 00000000   00040000  00000bba  0003f446  R  X
  SRAM                  20000000   00008000  00000218  00007de8  RW X


SEGMENT ALLOCATION MAP

run origin  load origin   length   init length attrs members
----------  ----------- ---------- ----------- ----- -------
00000000    00000000    00000bc0   00000bc0    r-x
  00000000    00000000    0000026c   0000026c    r-- .intvecs
  0000026c    0000026c    000008a6   000008a6    r-x .text
  00000b14    00000b14    00000080   00000080    r-- .const
  00000b98    00000b98    00000028   00000028    r-- .cinit
20000000    20000000    00000218   00000000    rw-
  20000000    20000000    00000200   00000000    rw- .stack
  20000200    20000200    00000018   00000000    rw- .data


SECTION ALLOCATION MAP

 output                                  attributes/
section   page    origin      length       input sections
--------  ----  ----------  ----------   ----------------
.intvecs   0    00000000    0000026c     
                  00000000    0000026c     tm4c123gh6pm_startup_ccs.obj (.intvecs)

.text      0    0000026c    000008a6     
                  0000026c    00000132     driverlib.lib : gpio.obj (.text:GPIOPadConfigSet)
                  0000039e    00000002     rtsv7M4_T_le_v4SPD16_eabi.lib : mpu_init.obj (.text)
                  000003a0    00000110     driverlib.lib : sysctl.obj (.text:SysCtlClockGet)
                  000004b0    000000f4                   : sysctl.obj (.text:SysCtlClockSet)
                  000005a4    0000009c     main.obj (.text)
                  00000640    0000009c     rtsv7M4_T_le_v4SPD16_eabi.lib : memcpy_t2.obj (.text)
                  000006dc    0000007a                                   : memset_t2.obj (.text)
                  00000756    00000002                                   : startup.obj (.text)
                  00000758    00000070                                   : autoinit.obj (.text)
                  000007c8    0000006a                                   : copy_decompress_rle.obj (.text)
                  00000832    00000002     --HOLE-- [fill = 0]
                  00000834    00000068     driverlib.lib : interrupt.obj (.text:IntEnable)
                  0000089c    00000060                   : timer.obj (.text:TimerConfigure)
                  000008fc    00000054     rtsv7M4_T_le_v4SPD16_eabi.lib : boot.obj (.text)
                  00000950    00000054                                   : exit.obj (.text)
                  000009a4    0000004c                                   : cpy_tbl.obj (.text)
                  000009f0    00000034     driverlib.lib : sysctl.obj (.text:SysCtlPeripheralEnable)
                  00000a24    0000002a                   : gpio.obj (.text:GPIODirModeSet)
                  00000a4e    00000018                   : gpio.obj (.text:GPIOPinTypeGPIOOutput)
                  00000a66    00000002     --HOLE-- [fill = 0]
                  00000a68    00000018     rtsv7M4_T_le_v4SPD16_eabi.lib : args_main.obj (.text)
                  00000a80    00000014                                   : _lock.obj (.text)
                  00000a94    00000012     driverlib.lib : timer.obj (.text:TimerLoadSet)
                  00000aa6    00000010                   : interrupt.obj (.text:IntMasterEnable)
                  00000ab6    0000000e                   : timer.obj (.text:TimerEnable)
                  00000ac4    0000000e     rtsv7M4_T_le_v4SPD16_eabi.lib : copy_decompress_none.obj (.text:decompress:none)
                  00000ad2    0000000c     driverlib.lib : cpu.obj (.text:CPUcpsie)
                  00000ade    0000000c     tm4c123gh6pm_startup_ccs.obj (.text)
                  00000aea    00000008     driverlib.lib : timer.obj (.text:TimerIntEnable)
                  00000af2    00000006                   : gpio.obj (.text:GPIOPinRead)
                  00000af8    00000006                   : gpio.obj (.text:GPIOPinWrite)
                  00000afe    00000006                   : sysctl.obj (.text:SysCtlDelay)
                  00000b04    00000006     rtsv7M4_T_le_v4SPD16_eabi.lib : copy_decompress_rle.obj (.text:decompress:rle24)
                  00000b0a    00000004     driverlib.lib : timer.obj (.text:TimerIntClear)
                  00000b0e    00000004     rtsv7M4_T_le_v4SPD16_eabi.lib : pre_init.obj (.text)

.const     0    00000b14    00000080     
                  00000b14    0000006c     driverlib.lib : sysctl.obj (.const:g_pui32Xtals)
                  00000b80    00000014                   : interrupt.obj (.const:g_pui32EnRegs)

.cinit     0    00000b98    00000028     
                  00000b98    00000016     (.cinit..data.load) [load image, compression = rle]
                  00000bae    00000002     --HOLE-- [fill = 0]
                  00000bb0    00000008     (__TI_handler_table)
                  00000bb8    00000008     (__TI_cinit_table)

.init_array 
*          0    00000000    00000000     UNINITIALIZED

.stack     0    20000000    00000200     UNINITIALIZED
                  20000000    00000200     --HOLE--

.data      0    20000200    00000018     UNINITIALIZED
                  20000200    0000000c     rtsv7M4_T_le_v4SPD16_eabi.lib : exit.obj (.data:$O1$$)
                  2000020c    00000008                                   : _lock.obj (.data:$O1$$)
                  20000214    00000004                                   : stkdepth_vars.obj (.data)

MODULE SUMMARY

       Module                         code   ro data   rw data
       ------                         ----   -------   -------
    .\
       tm4c123gh6pm_startup_ccs.obj   12     620       0      
       main.obj                       156    0         0      
    +--+------------------------------+------+---------+---------+
       Total:                         168    620       0      
                                                              
    D:/ti/TivaWare_C_Series-2.1.4.178/driverlib/ccs/Debug/driverlib.lib
       sysctl.obj                     574    108       0      
       gpio.obj                       384    0         0      
       interrupt.obj                  120    20        0      
       timer.obj                      140    0         0      
       cpu.obj                        12     0         0      
    +--+------------------------------+------+---------+---------+
       Total:                         1230   128       0      
                                                              
    D:\ti\ccsv6\tools\compiler\ti-cgt-arm_15.12.5.LTS\lib\rtsv7M4_T_le_v4SPD16_eabi.lib
       memcpy_t2.obj                  156    0         0      
       memset_t2.obj                  122    0         0      
       autoinit.obj                   112    0         0      
       copy_decompress_rle.obj        112    0         0      
       exit.obj                       84     0         12     
       boot.obj                       84     0         0      
       cpy_tbl.obj                    76     0         0      
       _lock.obj                      20     0         8      
       args_main.obj                  24     0         0      
       copy_decompress_none.obj       14     0         0      
       pre_init.obj                   4      0         0      
       stkdepth_vars.obj              0      0         4      
       mpu_init.obj                   2      0         0      
       startup.obj                    2      0         0      
    +--+------------------------------+------+---------+---------+
       Total:                         812    0         24     
                                                              
       Stack:                         0      0         512    
       Linker Generated:              0      38        0      
    +--+------------------------------+------+---------+---------+
       Grand Total:                   2210   786       536    


LINKER GENERATED COPY TABLES

__TI_cinit_table @ 00000bb8 records: 1, size/record: 8, table size: 8
	.data: load addr=00000b98, load size=00000016 bytes, run addr=20000200, run size=00000018 bytes, compression=rle


LINKER GENERATED HANDLER TABLE

__TI_handler_table @ 00000bb0 records: 2, size/record: 4, table size: 8
	index: 0, handler: __TI_decompress_rle24
	index: 1, handler: __TI_decompress_none


GLOBAL SYMBOLS: SORTED ALPHABETICALLY BY Name 

address   name                           
-------   ----                           
00000951  C$$EXIT                        
00000ad3  CPUcpsie                       
00000a25  GPIODirModeSet                 
0000026d  GPIOPadConfigSet               
00000af3  GPIOPinRead                    
00000a4f  GPIOPinTypeGPIOOutput          
00000af9  GPIOPinWrite                   
00000835  IntEnable                      
00000aa7  IntMasterEnable                
00000adf  ResetISR                       
UNDEFED   SHT$$INIT_ARRAY$$Base          
UNDEFED   SHT$$INIT_ARRAY$$Limit         
000003a1  SysCtlClockGet                 
000004b1  SysCtlClockSet                 
00000aff  SysCtlDelay                    
000009f1  SysCtlPeripheralEnable         
00000601  Timer0IntHandler               
0000089d  TimerConfigure                 
00000ab7  TimerEnable                    
00000b0b  TimerIntClear                  
00000aeb  TimerIntEnable                 
00000a95  TimerLoadSet                   
20000200  __STACK_END                    
00000200  __STACK_SIZE                   
20000200  __STACK_TOP                    
00000bb8  __TI_CINIT_Base                
00000bc0  __TI_CINIT_Limit               
00000bb0  __TI_Handler_Table_Base        
00000bb8  __TI_Handler_Table_Limit       
00000759  __TI_auto_init                 
20000200  __TI_cleanup_ptr               
00000ac5  __TI_decompress_none           
00000b05  __TI_decompress_rle24          
20000204  __TI_dtors_ptr                 
20000208  __TI_enable_exit_profile_output
ffffffff  __TI_pprof_out_hndl            
ffffffff  __TI_prof_data_size            
ffffffff  __TI_prof_data_start           
00000000  __TI_static_base__             
000006dd  __aeabi_memclr                 
000006dd  __aeabi_memclr4                
000006dd  __aeabi_memclr8                
00000641  __aeabi_memcpy                 
00000641  __aeabi_memcpy4                
00000641  __aeabi_memcpy8                
000006df  __aeabi_memset                 
000006df  __aeabi_memset4                
000006df  __aeabi_memset8                
ffffffff  __binit__                      
ffffffff  __c_args__                     
0000039f  __mpu_init                     
20000000  __stack                        
00000a69  _args_main                     
000008fd  _c_int00                       
2000020c  _lock                          
00000a8f  _nop                           
00000a87  _register_lock                 
00000a81  _register_unlock               
00000757  _system_post_cinit             
00000b0f  _system_pre_init               
20000210  _unlock                        
00000955  abort                          
ffffffff  binit                          
000009a5  copy_in                        
0000095d  exit                           
00000000  g_pfnVectors                   
000005a5  main                           
20000214  main_func_sp                   
00000641  memcpy                         
000006e5  memset                         


GLOBAL SYMBOLS: SORTED BY Symbol Address 

address   name                           
-------   ----                           
00000000  __TI_static_base__             
00000000  g_pfnVectors                   
00000200  __STACK_SIZE                   
0000026d  GPIOPadConfigSet               
0000039f  __mpu_init                     
000003a1  SysCtlClockGet                 
000004b1  SysCtlClockSet                 
000005a5  main                           
00000601  Timer0IntHandler               
00000641  __aeabi_memcpy                 
00000641  __aeabi_memcpy4                
00000641  __aeabi_memcpy8                
00000641  memcpy                         
000006dd  __aeabi_memclr                 
000006dd  __aeabi_memclr4                
000006dd  __aeabi_memclr8                
000006df  __aeabi_memset                 
000006df  __aeabi_memset4                
000006df  __aeabi_memset8                
000006e5  memset                         
00000757  _system_post_cinit             
00000759  __TI_auto_init                 
00000835  IntEnable                      
0000089d  TimerConfigure                 
000008fd  _c_int00                       
00000951  C$$EXIT                        
00000955  abort                          
0000095d  exit                           
000009a5  copy_in                        
000009f1  SysCtlPeripheralEnable         
00000a25  GPIODirModeSet                 
00000a4f  GPIOPinTypeGPIOOutput          
00000a69  _args_main                     
00000a81  _register_unlock               
00000a87  _register_lock                 
00000a8f  _nop                           
00000a95  TimerLoadSet                   
00000aa7  IntMasterEnable                
00000ab7  TimerEnable                    
00000ac5  __TI_decompress_none           
00000ad3  CPUcpsie                       
00000adf  ResetISR                       
00000aeb  TimerIntEnable                 
00000af3  GPIOPinRead                    
00000af9  GPIOPinWrite                   
00000aff  SysCtlDelay                    
00000b05  __TI_decompress_rle24          
00000b0b  TimerIntClear                  
00000b0f  _system_pre_init               
00000bb0  __TI_Handler_Table_Base        
00000bb8  __TI_CINIT_Base                
00000bb8  __TI_Handler_Table_Limit       
00000bc0  __TI_CINIT_Limit               
20000000  __stack                        
20000200  __STACK_END                    
20000200  __STACK_TOP                    
20000200  __TI_cleanup_ptr               
20000204  __TI_dtors_ptr                 
20000208  __TI_enable_exit_profile_output
2000020c  _lock                          
20000210  _unlock                        
20000214  main_func_sp                   
ffffffff  __TI_pprof_out_hndl            
ffffffff  __TI_prof_data_size            
ffffffff  __TI_prof_data_start           
ffffffff  __binit__                      
ffffffff  __c_args__                     
ffffffff  binit                          
UNDEFED   SHT$$INIT_ARRAY$$Base          
UNDEFED   SHT$$INIT_ARRAY$$Limit         

[70 symbols]
